// Jest Snapshot v1, https://goo.gl/fbAQLP

exports[`Step form reandering it should render a step form\` 1`] = `
<div>
  <div
    class="allJobs"
  >
    <h2>
      All Jobs(
      0
       Jobs)
    </h2>
  </div>
</div>
`;
